INFO:ossdbs.api:Load MRI image
INFO:ossdbs.api:Generate electrode geometries
INFO:ossdbs.main:Generate full model geometry
INFO:ossdbs.electrodes.electrode_model_template:Boundary names updated
INFO:ossdbs.api:Set values on contacts and encapsulation layers
INFO:ossdbs.api:Prepare dielectric model
INFO:ossdbs.main:Prepare conductivity coefficient function
INFO:ossdbs.api:Preparing solver
INFO:ossdbs.api:Generate volume conductor model
INFO:ossdbs.api:Output path set to: /Users/andreashorn/Library/CloudStorage/Dropbox-Personal/Datasets/DBS_Datasets/Clinical_DBS_Cases/Cologne/database/derivatives/leaddbs/sub-PU/stimulations/MNI152NLin2009bAsym/20250616115529/OSS_sim_files_lh/Results
INFO:ossdbs.api:Run volume conductor model
INFO:ossdbs.api:Will export solution to VTK
INFO:ossdbs.fem.volume_conductor.volume_conductor_model:Set export frequency to 10000
INFO:ossdbs.fem.volume_conductor.volume_conductor_model:Number of elements before material refinement:30385
INFO:ossdbs.fem.volume_conductor.volume_conductor_model:Number of elements after material refinement:135487
INFO:ossdbs.fem.volume_conductor.volume_conductor_model:Computing at frequency: 10000
INFO:ossdbs.fem.volume_conductor.volume_conductor_model:Copy solution to point models
INFO:ossdbs.fem.volume_conductor.volume_conductor_model:Exporting at 10000
INFO:ossdbs.fem.volume_conductor.volume_conductor_model:Exporting results at 10000 Hz.
INFO:ossdbs.fem.volume_conductor.volume_conductor_model:Exporting for point model type <class 'ossdbs.point_analysis.lattice.Lattice'>.
INFO:ossdbs.point_analysis.point_model:Collapse VTA by virtually removing the electrode
INFO:ossdbs.fem.volume_conductor.volume_conductor_model:VTA volume is: 156.304
INFO:ossdbs.fem.volume_conductor.volume_conductor_model:Launching reconstruction of time domain
INFO:ossdbs.main:Volume conductor timings:
{'ComputeSolution': [0.31742119789123535],
 'CopyValues': [12.277540922164917],
 'FieldExport': 3.723076820373535,
 'ReconstructTimeSignals_PointModel_0': 0.0,
 'VTKExport': [0.7463710308074951]}
INFO:ossdbs.main:Timings:
 {'ConductivityCF': 0.08395910263061523,
 'ContactProperties': 0.0015978813171386719,
 'DielectricModel': 3.504753112792969e-05,
 'Electrodes': 0.052903175354003906,
 'MRI': 0.0738837718963623,
 'ModelGeometry': 0.24931001663208008,
 'Settings': 0.0003330707550048828,
 'VolumeConductor': 19.710574865341187}
INFO:ossdbs.main:Process Completed
