INFO:ossdbs.api:Load MRI image
INFO:ossdbs.api:Generate electrode geometries
INFO:ossdbs.main:Generate full model geometry
INFO:ossdbs.electrodes.electrode_model_template:Boundary names updated
INFO:ossdbs.api:Set values on contacts and encapsulation layers
INFO:ossdbs.api:Prepare dielectric model
INFO:ossdbs.main:Prepare conductivity coefficient function
INFO:ossdbs.api:Preparing solver
INFO:ossdbs.api:Generate volume conductor model
INFO:ossdbs.api:Output path set to: /Users/andreashorn/Library/CloudStorage/Dropbox-Personal/Datasets/DBS_Datasets/Clinical_DBS_Cases/Cologne/database/derivatives/leaddbs/sub-PU/stimulations/native/20250616115529/OSS_sim_files_lh/Results
INFO:ossdbs.api:Run volume conductor model
INFO:ossdbs.api:Will export solution to VTK
INFO:ossdbs.api:Import neuron geometries stored in /Users/andreashorn/Library/CloudStorage/Dropbox-Personal/Datasets/DBS_Datasets/Clinical_DBS_Cases/Cologne/database/derivatives/leaddbs/sub-PU/stimulations/native/20250616115529/OSS_sim_files_lh/Allocated_axons.h5
INFO:ossdbs.fem.volume_conductor.volume_conductor_model:Set export frequency to 4160.0
INFO:ossdbs.fem.volume_conductor.volume_conductor_model:Number of elements before material refinement:33524
INFO:ossdbs.fem.volume_conductor.volume_conductor_model:Number of elements after material refinement:140284
INFO:ossdbs.fem.volume_conductor.volume_conductor_model:Computing at frequency: 0.0
INFO:ossdbs.fem.volume_conductor.volume_conductor_model:Copy solution to point models
INFO:ossdbs.point_analysis.pathway:Total axons in default: 2399
INFO:ossdbs.point_analysis.pathway:Outside the domain: 48
INFO:ossdbs.point_analysis.pathway:Marked axons inside CSF and encapsulation layer
INFO:ossdbs.fem.volume_conductor.volume_conductor_model:Computing at frequency: 130.0
INFO:ossdbs.fem.volume_conductor.volume_conductor_model:Copy solution to point models
INFO:ossdbs.fem.volume_conductor.volume_conductor_model:Computing at frequency: 260.0
INFO:ossdbs.fem.volume_conductor.volume_conductor_model:Copy solution to point models
INFO:ossdbs.fem.volume_conductor.volume_conductor_model:Computing at frequency: 520.0
INFO:ossdbs.fem.volume_conductor.volume_conductor_model:Copy solution to point models
INFO:ossdbs.fem.volume_conductor.volume_conductor_model:Computing at frequency: 1040.0
INFO:ossdbs.fem.volume_conductor.volume_conductor_model:Skipped computation at 1040.0 Hz
INFO:ossdbs.fem.volume_conductor.volume_conductor_model:Copy solution to point models
INFO:ossdbs.fem.volume_conductor.volume_conductor_model:Computing at frequency: 2080.0
INFO:ossdbs.fem.volume_conductor.volume_conductor_model:Skipped computation at 2080.0 Hz
INFO:ossdbs.fem.volume_conductor.volume_conductor_model:Copy solution to point models
INFO:ossdbs.fem.volume_conductor.volume_conductor_model:Computing at frequency: 4160.0
INFO:ossdbs.fem.volume_conductor.volume_conductor_model:Skipped computation at 4160.0 Hz
INFO:ossdbs.fem.volume_conductor.volume_conductor_model:Copy solution to point models
INFO:ossdbs.fem.volume_conductor.volume_conductor_model:Exporting at 4160.0
INFO:ossdbs.fem.volume_conductor.volume_conductor_model:Exporting results at 4160.0 Hz.
INFO:ossdbs.fem.volume_conductor.volume_conductor_model:Exporting for point model type <class 'ossdbs.point_analysis.pathway.Pathway'>.
INFO:ossdbs.fem.volume_conductor.volume_conductor_model:Computing at frequency: 8320.0
INFO:ossdbs.fem.volume_conductor.volume_conductor_model:Skipped computation at 8320.0 Hz
INFO:ossdbs.fem.volume_conductor.volume_conductor_model:Copy solution to point models
INFO:ossdbs.fem.volume_conductor.volume_conductor_model:Computing at frequency: 16640.0
INFO:ossdbs.fem.volume_conductor.volume_conductor_model:Skipped computation at 16640.0 Hz
INFO:ossdbs.fem.volume_conductor.volume_conductor_model:Copy solution to point models
INFO:ossdbs.fem.volume_conductor.volume_conductor_model:Computing at frequency: 33280.0
INFO:ossdbs.fem.volume_conductor.volume_conductor_model:Skipped computation at 33280.0 Hz
INFO:ossdbs.fem.volume_conductor.volume_conductor_model:Copy solution to point models
INFO:ossdbs.fem.volume_conductor.volume_conductor_model:Computing at frequency: 66560.0
INFO:ossdbs.fem.volume_conductor.volume_conductor_model:Skipped computation at 66560.0 Hz
INFO:ossdbs.fem.volume_conductor.volume_conductor_model:Copy solution to point models
INFO:ossdbs.fem.volume_conductor.volume_conductor_model:Computing at frequency: 133120.0
INFO:ossdbs.fem.volume_conductor.volume_conductor_model:Skipped computation at 133120.0 Hz
INFO:ossdbs.fem.volume_conductor.volume_conductor_model:Copy solution to point models
INFO:ossdbs.fem.volume_conductor.volume_conductor_model:Launching reconstruction of time domain
INFO:ossdbs.fem.volume_conductor.volume_conductor_model:Reconstructing time-domain signal.
INFO:ossdbs.point_analysis.point_model:Create time results
INFO:ossdbs.point_analysis.point_model:Created time result and saved to file
INFO:ossdbs.main:Volume conductor timings:
{'ComputeSolution': [0.34641003608703613,
                     0.3089327812194824,
                     0.31026601791381836,
                     0.3145458698272705,
                     0.0001811981201171875,
                     0.0005638599395751953,
                     0.00046324729919433594,
                     0.000370025634765625,
                     0.0007228851318359375,
                     0.0009799003601074219,
                     0.0018811225891113281,
                     0.0039670467376708984],
 'CopyValues': [3.195098876953125,
                1.2218899726867676,
                1.0701470375061035,
                1.0728001594543457,
                1.1030819416046143,
                1.1543300151824951,
                1.24603271484375,
                1.4637689590454102,
                1.8706161975860596,
                2.782865285873413,
                4.553558826446533,
                11.236889123916626],
 'FieldExport': 0.8586108684539795,
 'ReconstructTimeSignals_PointModel_0': 2.60223388671875,
 'VTKExport': [0.7734353542327881]}
INFO:ossdbs.main:Please compute the pathway activation separately.
INFO:ossdbs.main:Timings:
 {'ConductivityCF': 0.0275571346282959,
 'ContactProperties': 0.001561880111694336,
 'DielectricModel': 3.2901763916015625e-05,
 'Electrodes': 0.04451465606689453,
 'MRI': 0.0378880500793457,
 'ModelGeometry': 0.2795372009277344,
 'Settings': 0.00030422210693359375,
 'VolumeConductor': 39.42020797729492}
INFO:ossdbs.main:Process Completed
