INFO:ossdbs.api:Load MRI image
INFO:ossdbs.api:Generate electrode geometries
INFO:ossdbs.main:Generate full model geometry
INFO:ossdbs.electrodes.electrode_model_template:Boundary names updated
INFO:ossdbs.api:Set values on contacts and encapsulation layers
INFO:ossdbs.api:Prepare dielectric model
INFO:ossdbs.main:Prepare conductivity coefficient function
INFO:ossdbs.api:Preparing solver
INFO:ossdbs.api:Generate volume conductor model
INFO:ossdbs.api:Output path set to: /Users/andreashorn/Library/CloudStorage/Dropbox-Personal/Datasets/DBS_Datasets/Clinical_DBS_Cases/Cologne/database/derivatives/leaddbs/sub-PU/stimulations/native/20250616115529/OSS_sim_files_rh/Results
INFO:ossdbs.api:Run volume conductor model
INFO:ossdbs.api:Will export solution to VTK
INFO:ossdbs.api:Import neuron geometries stored in /Users/andreashorn/Library/CloudStorage/Dropbox-Personal/Datasets/DBS_Datasets/Clinical_DBS_Cases/Cologne/database/derivatives/leaddbs/sub-PU/stimulations/native/20250616115529/OSS_sim_files_rh/Allocated_axons.h5
INFO:ossdbs.fem.volume_conductor.volume_conductor_model:Set export frequency to 4160.0
INFO:ossdbs.fem.volume_conductor.volume_conductor_model:Number of elements before material refinement:37323
INFO:ossdbs.fem.volume_conductor.volume_conductor_model:Number of elements after material refinement:144505
INFO:ossdbs.fem.volume_conductor.volume_conductor_model:Computing at frequency: 0.0
INFO:ossdbs.fem.volume_conductor.volume_conductor_model:Copy solution to point models
INFO:ossdbs.point_analysis.pathway:Total axons in default: 1755
INFO:ossdbs.point_analysis.pathway:Outside the domain: 120
INFO:ossdbs.point_analysis.pathway:Marked axons inside CSF and encapsulation layer
INFO:ossdbs.fem.volume_conductor.volume_conductor_model:Computing at frequency: 130.0
INFO:ossdbs.fem.volume_conductor.volume_conductor_model:Copy solution to point models
INFO:ossdbs.fem.volume_conductor.volume_conductor_model:Computing at frequency: 260.0
INFO:ossdbs.fem.volume_conductor.volume_conductor_model:Copy solution to point models
INFO:ossdbs.fem.volume_conductor.volume_conductor_model:Computing at frequency: 520.0
INFO:ossdbs.fem.volume_conductor.volume_conductor_model:Copy solution to point models
INFO:ossdbs.fem.volume_conductor.volume_conductor_model:Computing at frequency: 1040.0
INFO:ossdbs.fem.volume_conductor.volume_conductor_model:Skipped computation at 1040.0 Hz
INFO:ossdbs.fem.volume_conductor.volume_conductor_model:Copy solution to point models
INFO:ossdbs.fem.volume_conductor.volume_conductor_model:Computing at frequency: 2080.0
INFO:ossdbs.fem.volume_conductor.volume_conductor_model:Skipped computation at 2080.0 Hz
INFO:ossdbs.fem.volume_conductor.volume_conductor_model:Copy solution to point models
INFO:ossdbs.fem.volume_conductor.volume_conductor_model:Computing at frequency: 4160.0
INFO:ossdbs.fem.volume_conductor.volume_conductor_model:Skipped computation at 4160.0 Hz
INFO:ossdbs.fem.volume_conductor.volume_conductor_model:Copy solution to point models
INFO:ossdbs.fem.volume_conductor.volume_conductor_model:Exporting at 4160.0
INFO:ossdbs.fem.volume_conductor.volume_conductor_model:Exporting results at 4160.0 Hz.
INFO:ossdbs.fem.volume_conductor.volume_conductor_model:Exporting for point model type <class 'ossdbs.point_analysis.pathway.Pathway'>.
INFO:ossdbs.fem.volume_conductor.volume_conductor_model:Computing at frequency: 8320.0
INFO:ossdbs.fem.volume_conductor.volume_conductor_model:Skipped computation at 8320.0 Hz
INFO:ossdbs.fem.volume_conductor.volume_conductor_model:Copy solution to point models
INFO:ossdbs.fem.volume_conductor.volume_conductor_model:Computing at frequency: 16640.0
INFO:ossdbs.fem.volume_conductor.volume_conductor_model:Skipped computation at 16640.0 Hz
INFO:ossdbs.fem.volume_conductor.volume_conductor_model:Copy solution to point models
INFO:ossdbs.fem.volume_conductor.volume_conductor_model:Computing at frequency: 33280.0
INFO:ossdbs.fem.volume_conductor.volume_conductor_model:Skipped computation at 33280.0 Hz
INFO:ossdbs.fem.volume_conductor.volume_conductor_model:Copy solution to point models
INFO:ossdbs.fem.volume_conductor.volume_conductor_model:Computing at frequency: 66560.0
INFO:ossdbs.fem.volume_conductor.volume_conductor_model:Skipped computation at 66560.0 Hz
INFO:ossdbs.fem.volume_conductor.volume_conductor_model:Copy solution to point models
INFO:ossdbs.fem.volume_conductor.volume_conductor_model:Computing at frequency: 133120.0
INFO:ossdbs.fem.volume_conductor.volume_conductor_model:Skipped computation at 133120.0 Hz
INFO:ossdbs.fem.volume_conductor.volume_conductor_model:Copy solution to point models
INFO:ossdbs.fem.volume_conductor.volume_conductor_model:Launching reconstruction of time domain
INFO:ossdbs.fem.volume_conductor.volume_conductor_model:Reconstructing time-domain signal.
INFO:ossdbs.point_analysis.point_model:Create time results
INFO:ossdbs.point_analysis.point_model:Created time result and saved to file
INFO:ossdbs.main:Volume conductor timings:
{'ComputeSolution': [0.335463285446167,
                     0.32326602935791016,
                     0.30549097061157227,
                     0.40129995346069336,
                     0.00017189979553222656,
                     0.00019097328186035156,
                     0.0005331039428710938,
                     0.0003719329833984375,
                     0.000621795654296875,
                     0.0007598400115966797,
                     0.0016329288482666016,
                     0.004489898681640625],
 'CopyValues': [1.8924736976623535,
                0.658801794052124,
                0.585139274597168,
                0.5995681285858154,
                0.60807204246521,
                0.6418957710266113,
                0.7272827625274658,
                0.8368017673492432,
                1.0997161865234375,
                1.5077910423278809,
                2.6876888275146484,
                6.4351279735565186],
 'FieldExport': 0.6346497535705566,
 'ReconstructTimeSignals_PointModel_0': 1.2528748512268066,
 'VTKExport': [0.7854342460632324]}
INFO:ossdbs.main:Please compute the pathway activation separately.
INFO:ossdbs.main:Timings:
 {'ConductivityCF': 0.026291370391845703,
 'ContactProperties': 0.0017631053924560547,
 'DielectricModel': 4.57763671875e-05,
 'Electrodes': 0.04729413986206055,
 'MRI': 0.015255928039550781,
 'ModelGeometry': 0.23816180229187012,
 'Settings': 0.00030994415283203125,
 'VolumeConductor': 24.56288981437683}
INFO:ossdbs.main:Process Completed
