INFO:ossdbs.api:Load MRI image
INFO:ossdbs.api:Generate electrode geometries
INFO:ossdbs.main:Generate full model geometry
INFO:ossdbs.electrodes.electrode_model_template:Boundary names updated
INFO:ossdbs.api:Set values on contacts and encapsulation layers
INFO:ossdbs.api:Prepare dielectric model
INFO:ossdbs.main:Prepare conductivity coefficient function
INFO:ossdbs.api:Preparing solver
INFO:ossdbs.api:Generate volume conductor model
INFO:ossdbs.api:Output path set to: /Users/andreashorn/Library/CloudStorage/Dropbox-Personal/Datasets/DBS_Datasets/Clinical_DBS_Cases/Cologne/database/derivatives/leaddbs/sub-PU/stimulations/MNI152NLin2009bAsym/20250616115529/OSS_sim_files_rh/Results
INFO:ossdbs.api:Run volume conductor model
INFO:ossdbs.api:Will export solution to VTK
INFO:ossdbs.fem.volume_conductor.volume_conductor_model:Set export frequency to 10000
INFO:ossdbs.fem.volume_conductor.volume_conductor_model:Number of elements before material refinement:26885
INFO:ossdbs.fem.volume_conductor.volume_conductor_model:Number of elements after material refinement:119437
INFO:ossdbs.fem.volume_conductor.volume_conductor_model:Computing at frequency: 10000
INFO:ossdbs.fem.volume_conductor.volume_conductor_model:Copy solution to point models
INFO:ossdbs.fem.volume_conductor.volume_conductor_model:Exporting at 10000
INFO:ossdbs.fem.volume_conductor.volume_conductor_model:Exporting results at 10000 Hz.
INFO:ossdbs.fem.volume_conductor.volume_conductor_model:Exporting for point model type <class 'ossdbs.point_analysis.lattice.Lattice'>.
INFO:ossdbs.point_analysis.point_model:Collapse VTA by virtually removing the electrode
INFO:ossdbs.fem.volume_conductor.volume_conductor_model:VTA volume is: 148.708
INFO:ossdbs.fem.volume_conductor.volume_conductor_model:Launching reconstruction of time domain
INFO:ossdbs.main:Volume conductor timings:
{'ComputeSolution': [0.2993040084838867],
 'CopyValues': [11.087932109832764],
 'FieldExport': 3.8794302940368652,
 'ReconstructTimeSignals_PointModel_0': 0.0,
 'VTKExport': [0.7069058418273926]}
INFO:ossdbs.main:Timings:
 {'ConductivityCF': 0.08971285820007324,
 'ContactProperties': 0.0016820430755615234,
 'DielectricModel': 4.792213439941406e-05,
 'Electrodes': 0.04553484916687012,
 'MRI': 0.07143902778625488,
 'ModelGeometry': 0.2711141109466553,
 'Settings': 0.0002799034118652344,
 'VolumeConductor': 18.652706146240234}
INFO:ossdbs.main:Process Completed
